Component: ARM Compiler 5.06 update 2 (build 183) Tool: armlink [4d35b7]

==============================================================================

Section Cross References

    instance.o(.text) refers to deca_device.o(.text) for dwt_writetxfctrl
    instance.o(.text) refers to port.o(.text) for portGetTickCnt
    instance.o(.text) refers to instance_common.o(.text) for reportTOF
    instance.o(.text) refers to led.o(.text) for led_on
    instance.o(.text) refers to stm32f10x_gpio.o(.text) for GPIO_ResetBits
    instance.o(.text) refers to delay.o(.text) for Sleep
    instance.o(.text) refers to instance_common.o(.bss) for instance_data
    instance.o(.text) refers to dfltll_clz.o(x$fpl$dfltll) for __aeabi_l2d
    instance.o(.text) refers to dmul.o(x$fpl$dmul) for __aeabi_dmul
    instance.o(.text) refers to daddsub_clz.o(x$fpl$dsub) for __aeabi_dsub
    instance.o(.text) refers to daddsub_clz.o(x$fpl$dadd) for __aeabi_dadd
    instance.o(.text) refers to ddiv.o(x$fpl$ddiv) for __aeabi_ddiv
    instance.o(.text) refers to dfix.o(x$fpl$dfix) for __aeabi_d2iz
    instance.o(.text) refers to scalbnf.o(x$fpl$scalbnf) for __ARM_scalbnf
    instance.o(.text) refers to fdiv.o(x$fpl$fdiv) for __aeabi_fdiv
    instance.o(.text) refers to f2d.o(x$fpl$f2d) for __aeabi_f2d
    instance.o(.text) refers to ceil.o(i.ceil) for ceil
    instance.o(.text) refers to fflt_clz.o(x$fpl$fflt) for __aeabi_i2f
    instance.o(.text) refers to faddsub_clz.o(x$fpl$fadd) for __aeabi_fadd
    instance.o(.text) refers to fmul.o(x$fpl$fmul) for __aeabi_fmul
    instance.o(.text) refers to dflt_clz.o(x$fpl$dflt) for __aeabi_i2d
    instance.o(.text) refers to deca_params_init.o(.constdata) for dwnsSFDlen
    instance_calib.o(.text) refers to rt_memcpy_w.o(.text) for __aeabi_memcpy4
    instance_calib.o(.text) refers to port.o(.text) for SPI_ConfigFastRate
    instance_calib.o(.text) refers to deca_device.o(.text) for dwt_configcontinuousframemode
    instance_calib.o(.text) refers to instance_calib.o(.conststring) for .conststring
    instance_common.o(.text) refers to ddiv.o(x$fpl$ddiv) for __aeabi_ddiv
    instance_common.o(.text) refers to dfixull.o(x$fpl$llufromd) for __aeabi_d2ulz
    instance_common.o(.text) refers to dflt_clz.o(x$fpl$dflt) for __aeabi_i2d
    instance_common.o(.text) refers to dmul.o(x$fpl$dmul) for __aeabi_dmul
    instance_common.o(.text) refers to d2f.o(x$fpl$d2f) for __aeabi_d2f
    instance_common.o(.text) refers to deca_range_tables.o(.text) for dwt_getrangebias
    instance_common.o(.text) refers to daddsub_clz.o(x$fpl$drsb) for __aeabi_drsub
    instance_common.o(.text) refers to dleqf.o(x$fpl$dleqf) for __aeabi_cdcmple
    instance_common.o(.text) refers to drleqf.o(x$fpl$drleqf) for __aeabi_cdrcmple
    instance_common.o(.text) refers to deca_device.o(.text) for dwt_configeventcounters
    instance_common.o(.text) refers to rt_memcpy_w.o(.text) for __aeabi_memcpy4
    instance_common.o(.text) refers to port.o(.text) for portGetTickCnt
    instance_common.o(.text) refers to instance_common.o(.bss) for .bss
    instance_common.o(.text) refers to led.o(.text) for led_on
    instance_common.o(.text) refers to rt_memclr_w.o(.text) for __aeabi_memclr4
    instance_common.o(.text) refers to instance.o(.text) for instancesetreplydelay
    instance_common.o(.text) refers to dfix.o(x$fpl$dfix) for __aeabi_d2iz
    instance_common.o(.text) refers to instance_calib.o(.constdata) for txSpectrumConfig
    instance_common.o(.text) refers to instance_calib.o(.constdata) for rfDelays
    instance_common.o(.text) refers to instance_calib.o(.constdata) for rfDelaysTREK
    instance_common.o(.text) refers to stm32f10x_gpio.o(.text) for GPIO_ResetBits
    instance_common.o(.text) refers to delay.o(.text) for Sleep
    deca_device.o(.text) refers to deca_spi.o(.text) for writetospi_serial
    deca_device.o(.text) refers to delay.o(.text) for Sleep
    deca_device.o(.text) refers to deca_device.o(.bss) for .bss
    deca_device.o(.text) refers to deca_params_init.o(.constdata) for pll2calcfg
    deca_device.o(.text) refers to deca_params_init.o(.constdata) for chan_idx
    deca_device.o(.text) refers to deca_params_init.o(.constdata) for lde_replicaCoeff
    deca_device.o(.text) refers to deca_params_init.o(.constdata) for pll2_config
    deca_device.o(.text) refers to deca_params_init.o(.constdata) for rx_config
    deca_device.o(.text) refers to deca_params_init.o(.constdata) for tx_config
    deca_device.o(.text) refers to deca_params_init.o(.constdata) for sftsh
    deca_device.o(.text) refers to deca_params_init.o(.constdata) for dtune1
    deca_device.o(.text) refers to deca_params_init.o(.constdata) for digital_bb_config
    deca_device.o(.text) refers to dflt_clz.o(x$fpl$dfltu) for __aeabi_ui2d
    deca_device.o(.text) refers to scalbn.o(x$fpl$scalbn) for __ARM_scalbn
    deca_device.o(.text) refers to deca_params_init.o(.constdata) for agc_config
[...]
    .data                                    0x20000170   Section        4  usart.o(.data)
    .data                                    0x20000174   Section        2  dma.o(.data)
    .data                                    0x20000176   Section       20  stm32f10x_rcc.o(.data)
    ADCPrescTable                            0x20000176   Data           4  stm32f10x_rcc.o(.data)
    APBAHBPrescTable                         0x2000017a   Data          16  stm32f10x_rcc.o(.data)
    .data                                    0x2000018c   Section       20  system_stm32f10x.o(.data)
    .bss                                     0x200001a0   Section      184  deca_device.o(.bss)
    dw1000local                              0x200001a0   Data         144  deca_device.o(.bss)
    .bss                                     0x20000258   Section       96  device_info.o(.bss)
    .bss                                     0x200002b8   Section      730  main.o(.bss)
    dummy_buffer                             0x2000033a   Data         600  main.o(.bss)
    .bss                                     0x20000592   Section     1024  stmflash.o(.bss)
    .bss                                     0x20000994   Section     2592  hw_config.o(.bss)
    m_QueueUsbComRx                          0x20000994   Data          16  hw_config.o(.bss)
    m_QueueUsbComTx                          0x200009a4   Data          16  hw_config.o(.bss)
    m_UsbComRxBuf                            0x200009b4   Data        1280  hw_config.o(.bss)
    m_UsbComTxBuf                            0x20000eb4   Data        1280  hw_config.o(.bss)
    .bss                                     0x200013b4   Section      128  usb_endp.o(.bss)
    txBuffter                                0x200013b4   Data          64  usb_endp.o(.bss)
    buffter                                  0x200013f4   Data          64  usb_endp.o(.bss)
    .bss                                     0x20001434   Section       32  usb_pwr.o(.bss)
    .bss                                     0x20001454   Section       28  usb_init.o(.bss)
    .bss                                     0x20001470   Section      200  usart.o(.bss)
    .bss                                     0x20001538   Section       44  dma.o(.bss)
    .bss                                     0x20001564   Section       96  libspace.o(.bss)
    HEAP                                     0x200015c8   Section      512  startup_stm32f10x_md.o(HEAP)
    Heap_Mem                                 0x200015c8   Data         512  startup_stm32f10x_md.o(HEAP)
    STACK                                    0x200017c8   Section     1024  startup_stm32f10x_md.o(STACK)
    Stack_Mem                                0x200017c8   Data        1024  startup_stm32f10x_md.o(STACK)
    __initial_sp                             0x20001bc8   Data           0  startup_stm32f10x_md.o(STACK)

    Global Symbols

    Symbol Name                              Value     Ov Type        Size  Object(Section)

    BuildAttributes$$THM_ISAv4$P$D$K$B$S$PE$A:L22UL41UL21$X:L11$S22US41US21$IEEE1$IW$USESV6$~STKCKD$USESV7$~SHL$OTIME$ROPI$IEEEJ$EBA8$UX$STANDARDLIB$REQ8$PRES8$EABIv2 0x00000000   Number         0  anon$$obj.o ABSOLUTE
    __ARM_use_no_argv                        0x00000000   Number         0  main.o ABSOLUTE
    _printf_flags                            0x00000000   Number         0  printf_stubs.o ABSOLUTE
    _printf_return_value                     0x00000000   Number         0  printf_stubs.o ABSOLUTE
    _printf_sizespec                         0x00000000   Number         0  printf_stubs.o ABSOLUTE
    _printf_widthprec                        0x00000000   Number         0  printf_stubs.o ABSOLUTE
    __ARM_exceptions_init                     - Undefined Weak Reference
    __alloca_initialize                       - Undefined Weak Reference
    __arm_preinit_                            - Undefined Weak Reference
    __cpp_initialize__aeabi_                  - Undefined Weak Reference
    __cxa_finalize                            - Undefined Weak Reference
    __rt_locale                               - Undefined Weak Reference
    __sigvec_lookup                           - Undefined Weak Reference
    _atexit_init                              - Undefined Weak Reference
    _call_atexit_fns                          - Undefined Weak Reference
    _clock_init                               - Undefined Weak Reference
    _fp_trap_init                             - Undefined Weak Reference
    _fp_trap_shutdown                         - Undefined Weak Reference
    _get_lc_collate                           - Undefined Weak Reference
    _get_lc_ctype                             - Undefined Weak Reference
    _get_lc_monetary                          - Undefined Weak Reference
    _get_lc_numeric                           - Undefined Weak Reference
    _get_lc_time                              - Undefined Weak Reference
    _getenv_init                              - Undefined Weak Reference
    _handle_redirection                       - Undefined Weak Reference
    _init_alloc                               - Undefined Weak Reference
    _init_user_alloc                          - Undefined Weak Reference
    _initio                                   - Undefined Weak Reference
    _mutex_acquire                            - Undefined Weak Reference
    _mutex_release                            - Undefined Weak Reference
    _printf_truncate_unsigned                 - Undefined Weak Reference
    _rand_init                                - Undefined Weak Reference
    _signal_finish                            - Undefined Weak Reference
    _signal_init                              - Undefined Weak Reference
    _terminate_alloc                          - Undefined Weak Reference
    _terminate_user_alloc                     - Undefined Weak Reference
    _terminateio                              - Undefined Weak Reference
    button_callback                           - Undefined Weak Reference
    process_deca_irq                          - Undefined Weak Reference
    process_dwRSTn_irq                        - Undefined Weak Reference
    __Vectors_Size                           0x000000ec   Number         0  startup_stm32f10x_md.o ABSOLUTE
    __Vectors                                0x08000000   Data           4  startup_stm32f10x_md.o(RESET)
    __Vectors_End                            0x080000ec   Data           0  startup_stm32f10x_md.o(RESET)
    __main                                   0x080000ed   Thumb Code     8  __main.o(!!!main)
    __scatterload                            0x080000f5   Thumb Code     0  __scatter.o(!!!scatter)
    __scatterload_rt2                        0x080000f5   Thumb Code    44  __scatter.o(!!!scatter)
    __scatterload_rt2_thumb_only             0x080000f5   Thumb Code     0  __scatter.o(!!!scatter)
    __scatterload_null                       0x08000103   Thumb Code     0  __scatter.o(!!!scatter)
    __decompress                             0x08000129   Thumb Code    90  __dczerorl2.o(!!dczerorl2)
    __decompress1                            0x08000129   Thumb Code     0  __dczerorl2.o(!!dczerorl2)
    __scatterload_zeroinit                   0x08000185   Thumb Code    28  __scatter_zi.o(!!handler_zi)
    _printf_percent                          0x080001a1   Thumb Code     0  _printf_percent.o(.ARM.Collect$$_printf_percent$$00000000)
    _printf_x                                0x080001a1   Thumb Code     0  _printf_x.o(.ARM.Collect$$_printf_percent$$0000000C)
    _printf_percent_end                      0x080001a7   Thumb Code     0  _printf_percent_end.o(.ARM.Collect$$_printf_percent$$00000017)
    __rt_lib_init                            0x080001ab   Thumb Code     0  libinit.o(.ARM.Collect$$libinit$$00000000)
    __rt_lib_init_alloca_1                   0x080001ad   Thumb Code     0  libinit2.o(.ARM.Collect$$libinit$$0000002E)
    __rt_lib_init_argv_1                     0x080001ad   Thumb Code     0  libinit2.o(.ARM.Collect$$libinit$$0000002C)
    __rt_lib_init_atexit_1                   0x080001ad   Thumb Code     0  libinit2.o(.ARM.Collect$$libinit$$0000001B)
    __rt_lib_init_clock_1                    0x080001ad   Thumb Code     0  libinit2.o(.ARM.Collect$$libinit$$00000021)
    __rt_lib_init_cpp_1                      0x080001ad   Thumb Code     0  libinit2.o(.ARM.Collect$$libinit$$00000032)
    __rt_lib_init_exceptions_1               0x080001ad   Thumb Code     0  libinit2.o(.ARM.Collect$$libinit$$00000030)
    __rt_lib_init_fp_1                       0x080001ad   Thumb Code     0  libinit2.o(.ARM.Collect$$libinit$$00000002)
    __rt_lib_init_fp_trap_1                  0x080001ad   Thumb Code     0  libinit2.o(.ARM.Collect$$libinit$$0000001F)
    __rt_lib_init_getenv_1                   0x080001ad   Thumb Code     0  libinit2.o(.ARM.Collect$$libinit$$00000023)
    __rt_lib_init_heap_1                     0x080001ad   Thumb Code     0  libinit2.o(.ARM.Collect$$libinit$$0000000A)
    __rt_lib_init_lc_collate_1               0x080001ad   Thumb Code     0  libinit2.o(.ARM.Collect$$libinit$$00000011)
    __rt_lib_init_lc_ctype_1                 0x080001ad   Thumb Code     0  libinit2.o(.ARM.Collect$$libinit$$00000013)
    __rt_lib_init_lc_monetary_1              0x080001ad   Thumb Code     0  libinit2.o(.ARM.Collect$$libinit$$00000015)
    __rt_lib_init_lc_numeric_1               0x080001ad   Thumb Code     0  libinit2.o(.ARM.Collect$$libinit$$00000017)
    __rt_lib_init_lc_time_1                  0x080001ad   Thumb Code     0  libinit2.o(.ARM.Collect$$libinit$$00000019)
    __rt_lib_init_preinit_1                  0x080001ad   Thumb Code     0  libinit2.o(.ARM.Collect$$libinit$$00000004)
    __rt_lib_init_rand_1                     0x080001ad   Thumb Code     0  libinit2.o(.ARM.Collect$$libinit$$0000000E)
    __rt_lib_init_return                     0x080001ad   Thumb Code     0  libinit2.o(.ARM.Collect$$libinit$$00000033)
    __rt_lib_init_signal_1                   0x080001ad   Thumb Code     0  libinit2.o(.ARM.Collect$$libinit$$0000001D)
    __rt_lib_init_stdio_1                    0x080001ad   Thumb Code     0  libinit2.o(.ARM.Collect$$libinit$$00000025)
    __rt_lib_init_user_alloc_1               0x080001ad   Thumb Code     0  libinit2.o(.ARM.Collect$$libinit$$0000000C)
    __rt_lib_shutdown                        0x080001af   Thumb Code     0  libshutdown.o(.ARM.Collect$$libshutdown$$00000000)
    __rt_lib_shutdown_cpp_1                  0x080001b1   Thumb Code     0  libshutdown2.o(.ARM.Collect$$libshutdown$$00000002)
    __rt_lib_shutdown_fp_trap_1              0x080001b1   Thumb Code     0  libshutdown2.o(.ARM.Collect$$libshutdown$$00000007)
    __rt_lib_shutdown_heap_1                 0x080001b1   Thumb Code     0  libshutdown2.o(.ARM.Collect$$libshutdown$$0000000F)
    __rt_lib_shutdown_return                 0x080001b1   Thumb Code     0  libshutdown2.o(.ARM.Collect$$libshutdown$$00000010)
    __rt_lib_shutdown_signal_1               0x080001b1   Thumb Code     0  libshutdown2.o(.ARM.Collect$$libshutdown$$0000000A)
    __rt_lib_shutdown_stdio_1                0x080001b1   Thumb Code     0  libshutdown2.o(.ARM.Collect$$libshutdown$$00000004)
    __rt_lib_shutdown_user_alloc_1           0x080001b1   Thumb Code     0  libshutdown2.o(.ARM.Collect$$libshutdown$$0000000C)
    __rt_entry                               0x080001b3   Thumb Code     0  __rtentry.o(.ARM.Collect$$rtentry$$00000000)
    __rt_entry_presh_1                       0x080001b3   Thumb Code     0  __rtentry2.o(.ARM.Collect$$rtentry$$00000002)
    __rt_entry_sh                            0x080001b3   Thumb Code     0  __rtentry4.o(.ARM.Collect$$rtentry$$00000004)
    __rt_entry_li                            0x080001b9   Thumb Code     0  __rtentry2.o(.ARM.Collect$$rtentry$$0000000A)
    __rt_entry_postsh_1                      0x080001b9   Thumb Code     0  __rtentry2.o(.ARM.Collect$$rtentry$$00000009)
    __rt_entry_main                          0x080001bd   Thumb Code     0  __rtentry2.o(.ARM.Collect$$rtentry$$0000000D)
    __rt_entry_postli_1                      0x080001bd   Thumb Code     0  __rtentry2.o(.ARM.Collect$$rtentry$$0000000C)
    __rt_exit                                0x080001c5   Thumb Code     0  rtexit.o(.ARM.Collect$$rtexit$$00000000)
    __rt_exit_ls                             0x080001c7   Thumb Code     0  rtexit2.o(.ARM.Collect$$rtexit$$00000003)
    __rt_exit_prels_1                        0x080001c7   Thumb Code     0  rtexit2.o(.ARM.Collect$$rtexit$$00000002)
    __rt_exit_exit                           0x080001cb   Thumb Code     0  rtexit2.o(.ARM.Collect$$rtexit$$00000004)
    dwt_writetodevice                        0x080001d1   Thumb Code    62  deca_device.o(.text)
    dwt_write16bitoffsetreg                  0x0800020f   Thumb Code    26  deca_device.o(.text)
    dwt_write32bitoffsetreg                  0x08000229   Thumb Code    30  deca_device.o(.text)
    dwt_readfromdevice                       0x08000247   Thumb Code    58  deca_device.o(.text)
    dwt_read32bitoffsetreg                   0x08000281   Thumb Code    38  deca_device.o(.text)
    _dwt_enableclocks                        0x080002a7   Thumb Code   194  deca_device.o(.text)
    dwt_read16bitoffsetreg                   0x08000369   Thumb Code    38  deca_device.o(.text)
    _dwt_loaducodefromrom                    0x0800038f   Thumb Code    54  deca_device.o(.text)
    _dwt_otpread                             0x080003c5   Thumb Code    70  deca_device.o(.text)
    dwt_readdevid                            0x0800040b   Thumb Code     6  deca_device.o(.text)
    dwt_initialise                           0x08000411   Thumb Code   392  deca_device.o(.text)
    dwt_getTREKOTPantennadelay               0x08000599   Thumb Code    56  deca_device.o(.text)
    dwt_otprevision                          0x080005d1   Thumb Code     6  deca_device.o(.text)
    dwt_setGPIOforEXTTRX                     0x080005d7   Thumb Code    40  deca_device.o(.text)
    dwt_setGPIOdirection                     0x080005ff   Thumb Code    34  deca_device.o(.text)
    dwt_setGPIOvalue                         0x08000621   Thumb Code    34  deca_device.o(.text)
    dwt_getldotune                           0x08000643   Thumb Code     8  deca_device.o(.text)
    dwt_getpartid                            0x0800064b   Thumb Code     6  deca_device.o(.text)
    dwt_getlotid                             0x08000651   Thumb Code     6  deca_device.o(.text)
    dwt_configuretxrf                        0x08000657   Thumb Code    28  deca_device.o(.text)
    dwt_getotptxpower                        0x08000673   Thumb Code    18  deca_device.o(.text)
    dwt_settxantennadelay                    0x08000685   Thumb Code    12  deca_device.o(.text)
    dwt_setrxantennadelay                    0x08000691   Thumb Code    14  deca_device.o(.text)
    dwt_xtaltrim                             0x0800069f   Thumb Code    48  deca_device.o(.text)
    _dwt_configlde                           0x080006cf   Thumb Code    48  deca_device.o(.text)
    dwt_configure                            0x080006ff   Thumb Code   606  deca_device.o(.text)
    dwt_readantennadelay                     0x0800095d   Thumb Code    14  deca_device.o(.text)
    dwt_writetxdata                          0x0800096b   Thumb Code    34  deca_device.o(.text)
    dwt_writetxfctrl                         0x0800098d   Thumb Code    24  deca_device.o(.text)
    dwt_readrxdata                           0x080009a5   Thumb Code    16  deca_device.o(.text)
    dwt_readaccdata                          0x080009b5   Thumb Code    34  deca_device.o(.text)
    dwt_readdignostics                       0x080009d7   Thumb Code    92  deca_device.o(.text)
    dwt_readtxtimestamp                      0x08000a33   Thumb Code    10  deca_device.o(.text)
    dwt_readtxtimestamphi32                  0x08000a3d   Thumb Code     6  deca_device.o(.text)
    dwt_readtxtimestamplo32                  0x08000a43   Thumb Code     6  deca_device.o(.text)
    dwt_readrxtimestamp                      0x08000a49   Thumb Code    12  deca_device.o(.text)
    dwt_readrxtimestamphi32                  0x08000a55   Thumb Code     6  deca_device.o(.text)
    dwt_readrxtimestamplo32                  0x08000a5b   Thumb Code     6  deca_device.o(.text)
    dwt_readsystimestamphi32                 0x08000a61   Thumb Code     6  deca_device.o(.text)
    dwt_readsystime                          0x08000a67   Thumb Code    12  deca_device.o(.text)
    dwt_enableframefilter                    0x08000a73   Thumb Code    54  deca_device.o(.text)
    dwt_setpanid                             0x08000aa9   Thumb Code    10  deca_device.o(.text)
    dwt_setaddress16                         0x08000ab3   Thumb Code    10  deca_device.o(.text)
    dwt_seteui                               0x08000abd   Thumb Code    12  deca_device.o(.text)
    dwt_geteui                               0x08000ac9   Thumb Code    12  deca_device.o(.text)
    _dwt_otpsetmrregs                        0x08000ad5   Thumb Code   550  deca_device.o(.text)
    _dwt_otpprogword32                       0x08000cfb   Thumb Code   162  deca_device.o(.text)
    dwt_otpwriteandverify                    0x08000d9d   Thumb Code    90  deca_device.o(.text)
    _dwt_aonconfigupload                     0x08000df7   Thumb Code    40  deca_device.o(.text)
    _dwt_aonarrayupload                      0x08000e1f   Thumb Code    40  deca_device.o(.text)
    dwt_entersleep                           0x08000e47   Thumb Code     2  deca_device.o(.text)
    dwt_configuresleepcnt                    0x08000e49   Thumb Code   124  deca_device.o(.text)
    dwt_calibratesleepcnt                    0x08000ec5   Thumb Code   252  deca_device.o(.text)
    dwt_configuresleep                       0x08000fc1   Thumb Code    32  deca_device.o(.text)
    dwt_entersleepaftertx                    0x08000fe1   Thumb Code    36  deca_device.o(.text)
    dwt_spicswakeup                          0x08001005   Thumb Code    50  deca_device.o(.text)
    dwt_loadopsettabfromotp                  0x08001037   Thumb Code    52  deca_device.o(.text)
    dwt_setsmarttxpower                      0x0800106b   Thumb Code    44  deca_device.o(.text)
    dwt_enableautoack                        0x08001097   Thumb Code    36  deca_device.o(.text)
    dwt_setdblrxbuffmode                     0x080010bb   Thumb Code    38  deca_device.o(.text)
    dwt_setautorxreenable                    0x080010e1   Thumb Code    58  deca_device.o(.text)
    dwt_setrxaftertxdelay                    0x0800111b   Thumb Code    34  deca_device.o(.text)
    dwt_setcallbacks                         0x0800113d   Thumb Code     8  deca_device.o(.text)
    dwt_checkIRQ                             0x08001145   Thumb Code    24  deca_device.o(.text)
    dwt_rxreset                              0x0800115d   Thumb Code    40  deca_device.o(.text)
    dwt_syncrxbufptrs                        0x08001185   Thumb Code    52  deca_device.o(.text)
    dwt_forcetrxoff                          0x080011b9   Thumb Code    86  deca_device.o(.text)
    dwt_checkoverrun                         0x0800120f   Thumb Code    16  deca_device.o(.text)
    dwt_isr                                  0x0800121f   Thumb Code   646  deca_device.o(.text)
    dwt_setleds                              0x080014a5   Thumb Code   202  deca_device.o(.text)
    _dwt_disablesequencing                   0x0800156f   Thumb Code    22  deca_device.o(.text)
    dwt_setdelayedtrxtime                    0x08001585   Thumb Code    10  deca_device.o(.text)
    dwt_starttx                              0x0800158f   Thumb Code   142  deca_device.o(.text)
    dwt_setrxmode                            0x0800161d   Thumb Code    24  deca_device.o(.text)
    dwt_rxenable                             0x08001635   Thumb Code    76  deca_device.o(.text)
    dwt_setrxtimeout                         0x08001681   Thumb Code    84  deca_device.o(.text)
    dwt_setpreambledetecttimeout             0x080016d5   Thumb Code    10  deca_device.o(.text)
    dwt_setinterrupt                         0x080016df   Thumb Code    48  deca_device.o(.text)
    dwt_configeventcounters                  0x0800170f   Thumb Code    46  deca_device.o(.text)
    dwt_readeventcounters                    0x0800173d   Thumb Code   126  deca_device.o(.text)
    dwt_softreset                            0x080017bb   Thumb Code   110  deca_device.o(.text)
    dwt_configcwmode                         0x08001829   Thumb Code   148  deca_device.o(.text)
    dwt_configcontinuousframemode            0x080018bd   Thumb Code    78  deca_device.o(.text)
    dwt_readtempvbat                         0x0800190b   Thumb Code   198  deca_device.o(.text)
    dwt_readwakeuptemp                       0x080019d1   Thumb Code    20  deca_device.o(.text)
    dwt_readwakeupvbat                       0x080019e5   Thumb Code    20  deca_device.o(.text)
    decamutexon                              0x080019f9   Thumb Code    26  deca_mutex.o(.text)
    decamutexoff                             0x08001a13   Thumb Code    18  deca_mutex.o(.text)
    openspi                                  0x08001a25   Thumb Code     4  deca_spi.o(.text)
    closespi                                 0x08001a29   Thumb Code    28  deca_spi.o(.text)
    writetospi_serial                        0x08001a45   Thumb Code    90  deca_spi.o(.text)
    readfromspi_serial                       0x08001a9f   Thumb Code    92  deca_spi.o(.text)
    Check_cmd                                0x08001b05   Thumb Code    46  device_info.o(.text)
    Get_UniqueID                             0x08001b33   Thumb Code    28  device_info.o(.text)
    Flash_Configuration                      0x08001b4f   Thumb Code   138  device_info.o(.text)
    RouterInfo_Write_to_Flash                0x08001bd9   Thumb Code     4  device_info.o(.text)
    My_STMFLASH_Write                        0x08001bdd   Thumb Code    12  device_info.o(.text)
    main                                     0x08001c15   Thumb Code   454  main.o(.text)
    NMI_Handler                              0x08001df9   Thumb Code     2  stm32f10x_it.o(.text)
    HardFault_Handler                        0x08001dfb   Thumb Code     2  stm32f10x_it.o(.text)
    MemManage_Handler                        0x08001dfd   Thumb Code     2  stm32f10x_it.o(.text)
    BusFault_Handler                         0x08001dff   Thumb Code     2  stm32f10x_it.o(.text)
    UsageFault_Handler                       0x08001e01   Thumb Code     2  stm32f10x_it.o(.text)
    SVC_Handler                              0x08001e03   Thumb Code     2  stm32f10x_it.o(.text)
    DebugMon_Handler                         0x08001e05   Thumb Code     2  stm32f10x_it.o(.text)
    PendSV_Handler                           0x08001e07   Thumb Code     2  stm32f10x_it.o(.text)
    SysTick_Handler                          0x08001e09   Thumb Code    10  stm32f10x_it.o(.text)
    EXTI15_10_IRQHandler                     0x08001e13   Thumb Code    18  stm32f10x_it.o(.text)
    EXTI0_IRQHandler                         0x08001e25   Thumb Code    16  stm32f10x_it.o(.text)
    EXTI3_IRQHandler                         0x08001e35   Thumb Code    16  stm32f10x_it.o(.text)
    EXTI9_5_IRQHandler                       0x08001e45   Thumb Code    16  stm32f10x_it.o(.text)
    GPIO_Configuration                       0x08001e59   Thumb Code    40  led.o(.text)
    led_off                                  0x08001e81   Thumb Code    48  led.o(.text)
    led_on                                   0x08001eb1   Thumb Code    48  led.o(.text)
    No_Configuration                         0x08001ee5   Thumb Code     6  port.o(.text)
    portGetTickCnt                           0x08001eeb   Thumb Code     6  port.o(.text)
    SysTick_Configuration                    0x08001ef1   Thumb Code    64  port.o(.text)
    NVIC_DisableDECAIRQ                      0x08001f31   Thumb Code    32  port.o(.text)
    NVIC_Configuration                       0x08001f51   Thumb Code    96  port.o(.text)
    EXTI_GetITEnStatus                       0x08001fb1   Thumb Code    16  port.o(.text)
    RCC_Configuration                        0x08001fc1   Thumb Code   136  port.o(.text)
    SPI_ChangeRate                           0x08002049   Thumb Code    14  port.o(.text)
    SPI_ConfigFastRate                       0x08002057   Thumb Code    80  port.o(.text)
    SPI_Configuration                        0x080020a7   Thumb Code   166  port.o(.text)
    reset_DW1000                             0x0800214d   Thumb Code    68  port.o(.text)
    setup_DW1000RSTnIRQ                      0x08002191   Thumb Code   134  port.o(.text)
    is_IRQ_enabled                           0x08002217   Thumb Code    14  port.o(.text)
    peripherals_init                         0x08002225   Thumb Code    22  port.o(.text)
    STMFLASH_ReadHalfWord                    0x08002275   Thumb Code     4  stmflash.o(.text)
    STMFLASH_Write_NoCheck                   0x08002279   Thumb Code    40  stmflash.o(.text)
    STMFLASH_Read                            0x080022a1   Thumb Code    26  stmflash.o(.text)
    STMFLASH_Write                           0x080022bb   Thumb Code   192  stmflash.o(.text)
    Test_Write                               0x0800237b   Thumb Code    12  stmflash.o(.text)
    Set_System                               0x0800238d   Thumb Code    96  hw_config.o(.text)
    Set_USBClock                             0x080023ed   Thumb Code    20  hw_config.o(.text)
    Enter_LowPowerMode                       0x08002401   Thumb Code     8  hw_config.o(.text)
    Leave_LowPowerMode                       0x08002409   Thumb Code    18  hw_config.o(.text)
    USB_Interrupts_Config                    0x0800241b   Thumb Code    50  hw_config.o(.text)
    USB_Cable_Config                         0x0800244d   Thumb Code    20  hw_config.o(.text)
    USB_Config                               0x08002461   Thumb Code    22  hw_config.o(.text)
    USB_RxRead                               0x08002477   Thumb Code    12  hw_config.o(.text)
    USB_RxWrite                              0x08002483   Thumb Code    12  hw_config.o(.text)
    USB_TxRead                               0x0800248f   Thumb Code    12  hw_config.o(.text)
    USB_TxWrite                              0x0800249b   Thumb Code    12  hw_config.o(.text)
    Get_SerialNum                            0x080024dd   Thumb Code    42  hw_config.o(.text)
    EP1_IN_Callback                          0x08002529   Thumb Code    60  usb_endp.o(.text)
    EP3_OUT_Callback                         0x08002565   Thumb Code    32  usb_endp.o(.text)
    SOF_Callback                             0x08002585   Thumb Code    76  usb_endp.o(.text)
    USB_Istr                                 0x080025dd   Thumb Code   310  usb_istr.o(.text)
    USB_LP_CAN1_RX0_IRQHandler               0x0800272d   Thumb Code     4  usb_it.o(.text)
    USBWakeUp_IRQHandler                     0x08002731   Thumb Code     8  usb_it.o(.text)
    Virtual_Com_Port_init                    0x08002739   Thumb Code    28  usb_prop.o(.text)
    Virtual_Com_Port_Reset                   0x08002755   Thumb Code   208  usb_prop.o(.text)
    Virtual_Com_Port_SetConfiguration        0x08002825   Thumb Code    16  usb_prop.o(.text)
    Virtual_Com_Port_SetDeviceAddress        0x08002835   Thumb Code     8  usb_prop.o(.text)
    Virtual_Com_Port_Status_In               0x0800283d   Thumb Code    16  usb_prop.o(.text)
    Virtual_Com_Port_Status_Out              0x0800284d   Thumb Code     2  usb_prop.o(.text)
    Virtual_Com_Port_SetLineCoding           0x0800284f   Thumb Code    20  usb_prop.o(.text)
    Virtual_Com_Port_GetLineCoding           0x08002863   Thumb Code    20  usb_prop.o(.text)
    Virtual_Com_Port_Data_Setup              0x08002877   Thumb Code    74  usb_prop.o(.text)
    Virtual_Com_Port_NoData_Setup            0x080028c1   Thumb Code    30  usb_prop.o(.text)
    Virtual_Com_Port_GetDeviceDescriptor     0x080028df   Thumb Code     8  usb_prop.o(.text)
    Virtual_Com_Port_GetConfigDescriptor     0x080028e7   Thumb Code     8  usb_prop.o(.text)
    Virtual_Com_Port_GetStringDescriptor     0x080028ef   Thumb Code    26  usb_prop.o(.text)
    Virtual_Com_Port_Get_Interface_Setting   0x08002909   Thumb Code    14  usb_prop.o(.text)
    PowerOn                                  0x0800292d   Thumb Code    36  usb_pwr.o(.text)
    PowerOff                                 0x08002951   Thumb Code    26  usb_pwr.o(.text)
    Suspend                                  0x0800296b   Thumb Code   174  usb_pwr.o(.text)
    Resume_Init                              0x08002a19   Thumb Code    26  usb_pwr.o(.text)
    Resume                                   0x08002a33   Thumb Code   140  usb_pwr.o(.text)
    Standard_GetConfiguration                0x08002add   Thumb Code    30  usb_core.o(.text)
    Standard_SetConfiguration                0x08002afb   Thumb Code    42  usb_core.o(.text)
    Standard_GetInterface                    0x08002b25   Thumb Code    30  usb_core.o(.text)
    Standard_SetInterface                    0x08002b43   Thumb Code    60  usb_core.o(.text)
    Standard_GetStatus                       0x08002b7f   Thumb Code   130  usb_core.o(.text)
    Standard_ClearFeature                    0x08002c01   Thumb Code   232  usb_core.o(.text)
    Standard_SetEndPointFeature              0x08002ce9   Thumb Code   118  usb_core.o(.text)
    Standard_SetDeviceFeature                0x08002d5f   Thumb Code    26  usb_core.o(.text)
    Standard_GetDescriptorData               0x08002d79   Thumb Code    24  usb_core.o(.text)
    Post0_Process                            0x08003097   Thumb Code    52  usb_core.o(.text)
    Setup0_Process                           0x080030cb   Thumb Code    90  usb_core.o(.text)
    SetDeviceAddress                         0x08003125   Thumb Code    60  usb_core.o(.text)
    In0_Process                              0x08003161   Thumb Code    78  usb_core.o(.text)
    Out0_Process                             0x080031af   Thumb Code    60  usb_core.o(.text)
    NOP_Process                              0x080031eb   Thumb Code     2  usb_core.o(.text)
    USB_Init                                 0x080032a5   Thumb Code    22  usb_init.o(.text)
    CTR_LP                                   0x080032cd   Thumb Code   318  usb_int.o(.text)
    CTR_HP                                   0x0800340b   Thumb Code   106  usb_int.o(.text)
    UserToPMABufferCopy                      0x08003491   Thumb Code    38  usb_mem.o(.text)
    PMAToUserBufferCopy                      0x080034b7   Thumb Code    28  usb_mem.o(.text)
    SetCNTR                                  0x080034d9   Thumb Code     6  usb_regs.o(.text)
    GetCNTR                                  0x080034df   Thumb Code     8  usb_regs.o(.text)
    SetISTR                                  0x080034e7   Thumb Code     8  usb_regs.o(.text)
    GetISTR                                  0x080034ef   Thumb Code    10  usb_regs.o(.text)
    GetFNR                                   0x080034f9   Thumb Code    10  usb_regs.o(.text)
    SetDADDR                                 0x08003503   Thumb Code     8  usb_regs.o(.text)
    GetDADDR                                 0x0800350b   Thumb Code    10  usb_regs.o(.text)
    SetBTABLE                                0x08003515   Thumb Code    12  usb_regs.o(.text)
    GetBTABLE                                0x08003521   Thumb Code    10  usb_regs.o(.text)
    SetENDPOINT                              0x0800352b   Thumb Code    12  usb_regs.o(.text)
    GetENDPOINT                              0x08003537   Thumb Code    14  usb_regs.o(.text)
    SetEPType                                0x08003545   Thumb Code    24  usb_regs.o(.text)
    GetEPType                                0x0800355d   Thumb Code    18  usb_regs.o(.text)
    SetEPTxStatus                            0x0800356f   Thumb Code    44  usb_regs.o(.text)
    SetEPRxStatus                            0x0800359b   Thumb Code    44  usb_regs.o(.text)
    SetDouBleBuffEPStall                     0x080035c7   Thumb Code    42  usb_regs.o(.text)
    GetEPTxStatus                            0x080035f1   Thumb Code    18  usb_regs.o(.text)
    GetEPRxStatus                            0x08003603   Thumb Code    18  usb_regs.o(.text)
    SetEPTxValid                             0x08003615   Thumb Code    32  usb_regs.o(.text)
    SetEPRxValid                             0x08003635   Thumb Code    32  usb_regs.o(.text)
    SetEP_KIND                               0x08003655   Thumb Code    28  usb_regs.o(.text)
    ClearEP_KIND                             0x08003671   Thumb Code    28  usb_regs.o(.text)
    Clear_Status_Out                         0x0800368d   Thumb Code    28  usb_regs.o(.text)
    Set_Status_Out                           0x080036a9   Thumb Code    28  usb_regs.o(.text)
    SetEPDoubleBuff                          0x080036c5   Thumb Code    28  usb_regs.o(.text)
    ClearEPDoubleBuff                        0x080036e1   Thumb Code    28  usb_regs.o(.text)
    GetTxStallStatus                         0x080036fd   Thumb Code    22  usb_regs.o(.text)
    GetRxStallStatus                         0x08003713   Thumb Code    22  usb_regs.o(.text)
    ClearEP_CTR_RX                           0x08003729   Thumb Code    22  usb_regs.o(.text)
    ClearEP_CTR_TX                           0x0800373f   Thumb Code    22  usb_regs.o(.text)
    ToggleDTOG_RX                            0x08003755   Thumb Code    28  usb_regs.o(.text)
    ToggleDTOG_TX                            0x08003771   Thumb Code    28  usb_regs.o(.text)
    ClearDTOG_RX                             0x0800378d   Thumb Code    36  usb_regs.o(.text)
    ClearDTOG_TX                             0x080037b1   Thumb Code    36  usb_regs.o(.text)
    SetEPAddress                             0x080037d5   Thumb Code    30  usb_regs.o(.text)
    GetEPAddress                             0x080037f3   Thumb Code    16  usb_regs.o(.text)
    SetEPTxAddr                              0x08003803   Thumb Code    24  usb_regs.o(.text)
    SetEPRxAddr                              0x0800381b   Thumb Code    26  usb_regs.o(.text)
    GetEPTxAddr                              0x08003835   Thumb Code    22  usb_regs.o(.text)
    GetEPRxAddr                              0x0800384b   Thumb Code    24  usb_regs.o(.text)
    SetEPTxCount                             0x08003863   Thumb Code    22  usb_regs.o(.text)
    SetEPCountRxReg                          0x08003879   Thumb Code    38  usb_regs.o(.text)
    SetEPRxCount                             0x0800389f   Thumb Code    72  usb_regs.o(.text)
    GetEPTxCount                             0x080038e7   Thumb Code    24  usb_regs.o(.text)
    GetEPRxCount                             0x080038ff   Thumb Code    24  usb_regs.o(.text)
    SetEPDblBuffAddr                         0x08003917   Thumb Code    42  usb_regs.o(.text)
    SetEPDblBuf0Addr                         0x08003941   Thumb Code    22  usb_regs.o(.text)
    SetEPDblBuf1Addr                         0x08003957   Thumb Code    24  usb_regs.o(.text)
    GetEPDblBuf0Addr                         0x0800396f   Thumb Code    20  usb_regs.o(.text)
    GetEPDblBuf1Addr                         0x08003983   Thumb Code    22  usb_regs.o(.text)
    SetEPDblBuffCount                        0x08003999   Thumb Code   156  usb_regs.o(.text)
    SetEPDblBuf0Count                        0x08003a35   Thumb Code    82  usb_regs.o(.text)
    SetEPDblBuf1Count                        0x08003a87   Thumb Code    82  usb_regs.o(.text)
    GetEPDblBuf0Count                        0x08003ad9   Thumb Code    24  usb_regs.o(.text)
    GetEPDblBuf1Count                        0x08003af1   Thumb Code    24  usb_regs.o(.text)
    GetEPDblBufDir                           0x08003b09   Thumb Code    50  usb_regs.o(.text)
    FreeUserBuffer                           0x08003b3b   Thumb Code    48  usb_regs.o(.text)
    ToWord                                   0x08003b6b   Thumb Code     6  usb_regs.o(.text)
    ByteSwap                                 0x08003b71   Thumb Code    10  usb_regs.o(.text)
    USB_SIL_Init                             0x08003b89   Thumb Code    24  usb_sil.o(.text)
    USB_SIL_Write                            0x08003ba1   Thumb Code    38  usb_sil.o(.text)
    USB_SIL_Read                             0x08003bc7   Thumb Code    36  usb_sil.o(.text)
    delay_init                               0x08003bf5   Thumb Code    46  delay.o(.text)
    delay_us                                 0x08003c23   Thumb Code    46  delay.o(.text)
    delay_ms                                 0x08003c51   Thumb Code    46  delay.o(.text)
    Sleep                                    0x08003c7f   Thumb Code    22  delay.o(.text)
    _sys_exit                                0x08003ca1   Thumb Code     2  usart.o(.text)
    fputc                                    0x08003ca3   Thumb Code    18  usart.o(.text)
    uart_init                                0x08003cb5   Thumb Code   156  usart.o(.text)
    USART1_Send_Hex                          0x08003d51   Thumb Code    26  usart.o(.text)
    USART1_Send_PartialCommand               0x08003d6b   Thumb Code    20  usart.o(.text)
    GetRecSwtich                             0x08003d7f   Thumb Code    94  usart.o(.text)
    USART1_IRQHandler                        0x08003ddd   Thumb Code   146  usart.o(.text)
    MYDMA_Config                             0x08003e8d   Thumb Code    74  dma.o(.text)
    MYDMA_Enable                             0x08003ed7   Thumb Code    32  dma.o(.text)
    QUEUE_PacketCreate                       0x08003f05   Thumb Code    12  queue.o(.text)
    QUEUE_PacketIn                           0x08003f11   Thumb Code    48  queue.o(.text)
    QUEUE_PacketOut                          0x08003f41   Thumb Code    56  queue.o(.text)
    QUEUE_PacketLengthGet                    0x08003f79   Thumb Code    40  queue.o(.text)
    QUEUE_PacketStartEndDifferentCharSplit   0x08003fa1   Thumb Code   182  queue.o(.text)
    QUEUE_PacketStartEndCharSplit            0x08004057   Thumb Code   198  queue.o(.text)
    QUEUE_PacketCharSplit                    0x0800411d   Thumb Code   116  queue.o(.text)
    QUEUE_PacketDoubleEndCharSplit           0x08004191   Thumb Code   132  queue.o(.text)
    QUEUE_StructCreate                       0x08004215   Thumb Code    20  queue.o(.text)
    QUEUE_StructIn                           0x08004229   Thumb Code    68  queue.o(.text)
    QUEUE_StructOut                          0x0800426d   Thumb Code    76  queue.o(.text)
    QUEUE_StructCountGet                     0x080042b9   Thumb Code    34  queue.o(.text)
    NVIC_PriorityGroupConfig                 0x080042dd   Thumb Code    10  misc.o(.text)
    NVIC_Init                                0x080042e7   Thumb Code    94  misc.o(.text)
    NVIC_SetVectorTable                      0x08004345   Thumb Code    14  misc.o(.text)
    NVIC_SystemLPConfig                      0x08004353   Thumb Code    20  misc.o(.text)
    SysTick_CLKSourceConfig                  0x08004367   Thumb Code    24  misc.o(.text)
    DMA_DeInit                               0x0800438d   Thumb Code   218  stm32f10x_dma.o(.text)
    DMA_Init                                 0x08004467   Thumb Code    58  stm32f10x_dma.o(.text)
    DMA_StructInit                           0x080044a1   Thumb Code    26  stm32f10x_dma.o(.text)
    DMA_Cmd                                  0x080044bb   Thumb Code    22  stm32f10x_dma.o(.text)
    DMA_ITConfig                             0x080044d1   Thumb Code    16  stm32f10x_dma.o(.text)
    DMA_SetCurrDataCounter                   0x080044e1   Thumb Code     4  stm32f10x_dma.o(.text)
    DMA_GetCurrDataCounter                   0x080044e5   Thumb Code     6  stm32f10x_dma.o(.text)
    DMA_GetFlagStatus                        0x080044eb   Thumb Code    28  stm32f10x_dma.o(.text)
    DMA_ClearFlag                            0x08004507   Thumb Code    20  stm32f10x_dma.o(.text)
    DMA_GetITStatus                          0x0800451b   Thumb Code    28  stm32f10x_dma.o(.text)
    DMA_ClearITPendingBit                    0x08004537   Thumb Code    20  stm32f10x_dma.o(.text)
    EXTI_DeInit                              0x08004555   Thumb Code    28  stm32f10x_exti.o(.text)
    EXTI_Init                                0x08004571   Thumb Code   108  stm32f10x_exti.o(.text)
    EXTI_StructInit                          0x080045dd   Thumb Code    14  stm32f10x_exti.o(.text)
    EXTI_GenerateSWInterrupt                 0x080045eb   Thumb Code    12  stm32f10x_exti.o(.text)
    EXTI_GetFlagStatus                       0x080045f7   Thumb Code    18  stm32f10x_exti.o(.text)
    EXTI_ClearFlag                           0x08004609   Thumb Code     8  stm32f10x_exti.o(.text)
    EXTI_GetITStatus                         0x08004611   Thumb Code    28  stm32f10x_exti.o(.text)
    EXTI_ClearITPendingBit                   0x0800462d   Thumb Code     8  stm32f10x_exti.o(.text)
    FLASH_SetLatency                         0x0800463d   Thumb Code    14  stm32f10x_flash.o(.text)
    FLASH_HalfCycleAccessCmd                 0x0800464b   Thumb Code    18  stm32f10x_flash.o(.text)
    FLASH_PrefetchBufferCmd                  0x0800465d   Thumb Code    18  stm32f10x_flash.o(.text)
    FLASH_Unlock                             0x0800466f   Thumb Code    12  stm32f10x_flash.o(.text)
    FLASH_UnlockBank1                        0x0800467b   Thumb Code    12  stm32f10x_flash.o(.text)
    FLASH_Lock                               0x08004687   Thumb Code    12  stm32f10x_flash.o(.text)
    FLASH_LockBank1                          0x08004693   Thumb Code    12  stm32f10x_flash.o(.text)
    FLASH_GetBank1Status                     0x0800469f   Thumb Code    34  stm32f10x_flash.o(.text)
    FLASH_WaitForLastOperation               0x080046c1   Thumb Code    36  stm32f10x_flash.o(.text)
    FLASH_ErasePage                          0x080046e5   Thumb Code    56  stm32f10x_flash.o(.text)
    FLASH_EraseAllPages                      0x0800471d   Thumb Code    52  stm32f10x_flash.o(.text)
    FLASH_WaitForLastBank1Operation          0x08004751   Thumb Code    36  stm32f10x_flash.o(.text)
    FLASH_EraseAllBank1Pages                 0x08004775   Thumb Code    52  stm32f10x_flash.o(.text)
    FLASH_GetReadOutProtectionStatus         0x080047a9   Thumb Code    14  stm32f10x_flash.o(.text)
    FLASH_EraseOptionBytes                   0x080047b7   Thumb Code   108  stm32f10x_flash.o(.text)
    FLASH_ProgramWord                        0x08004823   Thumb Code    72  stm32f10x_flash.o(.text)
    FLASH_ProgramHalfWord                    0x0800486b   Thumb Code    48  stm32f10x_flash.o(.text)
    FLASH_ProgramOptionByteData              0x0800489b   Thumb Code    62  stm32f10x_flash.o(.text)
    FLASH_EnableWriteProtection              0x080048d9   Thumb Code   150  stm32f10x_flash.o(.text)
    FLASH_ReadOutProtection                  0x0800496f   Thumb Code   118  stm32f10x_flash.o(.text)
    FLASH_UserOptionByteConfig               0x080049e5   Thumb Code    92  stm32f10x_flash.o(.text)
    FLASH_GetUserOptionByte                  0x08004a41   Thumb Code     8  stm32f10x_flash.o(.text)
    FLASH_GetWriteProtectionOptionByte       0x08004a49   Thumb Code     6  stm32f10x_flash.o(.text)
    FLASH_GetPrefetchBufferStatus            0x08004a4f   Thumb Code    14  stm32f10x_flash.o(.text)
    FLASH_ITConfig                           0x08004a5d   Thumb Code    18  stm32f10x_flash.o(.text)
    FLASH_GetFlagStatus                      0x08004a6f   Thumb Code    28  stm32f10x_flash.o(.text)
    FLASH_ClearFlag                          0x08004a8b   Thumb Code     6  stm32f10x_flash.o(.text)
    FLASH_GetStatus                          0x08004a91   Thumb Code    34  stm32f10x_flash.o(.text)
    GPIO_DeInit                              0x08004ab9   Thumb Code   152  stm32f10x_gpio.o(.text)
    GPIO_AFIODeInit                          0x08004b51   Thumb Code    22  stm32f10x_gpio.o(.text)
    GPIO_Init                                0x08004b67   Thumb Code   164  stm32f10x_gpio.o(.text)
    GPIO_StructInit                          0x08004c0b   Thumb Code    16  stm32f10x_gpio.o(.text)
    GPIO_ReadInputDataBit                    0x08004c1b   Thumb Code    14  stm32f10x_gpio.o(.text)
    GPIO_ReadInputData                       0x08004c29   Thumb Code     6  stm32f10x_gpio.o(.text)
    GPIO_ReadOutputDataBit                   0x08004c2f   Thumb Code    14  stm32f10x_gpio.o(.text)
    GPIO_ReadOutputData                      0x08004c3d   Thumb Code     6  stm32f10x_gpio.o(.text)
    GPIO_SetBits                             0x08004c43   Thumb Code     4  stm32f10x_gpio.o(.text)
    GPIO_ResetBits                           0x08004c47   Thumb Code     4  stm32f10x_gpio.o(.text)
    GPIO_WriteBit                            0x08004c4b   Thumb Code    10  stm32f10x_gpio.o(.text)
    GPIO_Write                               0x08004c55   Thumb Code     4  stm32f10x_gpio.o(.text)
    GPIO_PinLockConfig                       0x08004c59   Thumb Code    16  stm32f10x_gpio.o(.text)
    GPIO_EventOutputConfig                   0x08004c69   Thumb Code    22  stm32f10x_gpio.o(.text)
    GPIO_EventOutputCmd                      0x08004c7f   Thumb Code     6  stm32f10x_gpio.o(.text)
    GPIO_PinRemapConfig                      0x08004c85   Thumb Code    82  stm32f10x_gpio.o(.text)
    GPIO_EXTILineConfig                      0x08004cd7   Thumb Code    34  stm32f10x_gpio.o(.text)
    GPIO_ETH_MediaInterfaceConfig            0x08004cf9   Thumb Code     8  stm32f10x_gpio.o(.text)
    RCC_DeInit                               0x08004d25   Thumb Code    50  stm32f10x_rcc.o(.text)
    RCC_HSEConfig                            0x08004d57   Thumb Code    48  stm32f10x_rcc.o(.text)
    RCC_GetFlagStatus                        0x08004d87   Thumb Code    42  stm32f10x_rcc.o(.text)
    RCC_WaitForHSEStartUp                    0x08004db1   Thumb Code    44  stm32f10x_rcc.o(.text)
    RCC_AdjustHSICalibrationValue            0x08004ddd   Thumb Code    16  stm32f10x_rcc.o(.text)
    RCC_HSICmd                               0x08004ded   Thumb Code     6  stm32f10x_rcc.o(.text)
    RCC_PLLConfig                            0x08004df3   Thumb Code    16  stm32f10x_rcc.o(.text)
    RCC_PLLCmd                               0x08004e03   Thumb Code     6  stm32f10x_rcc.o(.text)
    RCC_SYSCLKConfig                         0x08004e09   Thumb Code    14  stm32f10x_rcc.o(.text)
    RCC_GetSYSCLKSource                      0x08004e17   Thumb Code    10  stm32f10x_rcc.o(.text)
    RCC_HCLKConfig                           0x08004e21   Thumb Code    14  stm32f10x_rcc.o(.text)
    RCC_PCLK1Config                          0x08004e2f   Thumb Code    14  stm32f10x_rcc.o(.text)
    RCC_PCLK2Config                          0x08004e3d   Thumb Code    16  stm32f10x_rcc.o(.text)
    RCC_ITConfig                             0x08004e4d   Thumb Code    18  stm32f10x_rcc.o(.text)
    RCC_USBCLKConfig                         0x08004e5f   Thumb Code     8  stm32f10x_rcc.o(.text)
    RCC_ADCCLKConfig                         0x08004e67   Thumb Code    14  stm32f10x_rcc.o(.text)
    RCC_LSEConfig                            0x08004e75   Thumb Code    28  stm32f10x_rcc.o(.text)
    RCC_LSICmd                               0x08004e91   Thumb Code     6  stm32f10x_rcc.o(.text)
    RCC_RTCCLKConfig                         0x08004e97   Thumb Code    10  stm32f10x_rcc.o(.text)
    RCC_RTCCLKCmd                            0x08004ea1   Thumb Code     8  stm32f10x_rcc.o(.text)
    RCC_GetClocksFreq                        0x08004ea9   Thumb Code   128  stm32f10x_rcc.o(.text)
    RCC_AHBPeriphClockCmd                    0x08004f29   Thumb Code    18  stm32f10x_rcc.o(.text)
    RCC_APB2PeriphClockCmd                   0x08004f3b   Thumb Code    18  stm32f10x_rcc.o(.text)
    RCC_APB1PeriphClockCmd                   0x08004f4d   Thumb Code    18  stm32f10x_rcc.o(.text)
    RCC_APB2PeriphResetCmd                   0x08004f5f   Thumb Code    18  stm32f10x_rcc.o(.text)
    RCC_APB1PeriphResetCmd                   0x08004f71   Thumb Code    18  stm32f10x_rcc.o(.text)
    RCC_BackupResetCmd                       0x08004f83   Thumb Code     8  stm32f10x_rcc.o(.text)
    RCC_ClockSecuritySystemCmd               0x08004f8b   Thumb Code     6  stm32f10x_rcc.o(.text)
    RCC_MCOConfig                            0x08004f91   Thumb Code     6  stm32f10x_rcc.o(.text)
    RCC_ClearFlag                            0x08004f97   Thumb Code    12  stm32f10x_rcc.o(.text)
    RCC_GetITStatus                          0x08004fa3   Thumb Code    16  stm32f10x_rcc.o(.text)
    RCC_ClearITPendingBit                    0x08004fb3   Thumb Code     6  stm32f10x_rcc.o(.text)
    SPI_I2S_DeInit                           0x08004fd9   Thumb Code    72  stm32f10x_spi.o(.text)
    SPI_Init                                 0x08005021   Thumb Code    56  stm32f10x_spi.o(.text)
    I2S_Init                                 0x08005059   Thumb Code   152  stm32f10x_spi.o(.text)
    SPI_StructInit                           0x080050f1   Thumb Code    24  stm32f10x_spi.o(.text)
    I2S_StructInit                           0x08005109   Thumb Code    18  stm32f10x_spi.o(.text)
    SPI_Cmd                                  0x0800511b   Thumb Code    20  stm32f10x_spi.o(.text)
    I2S_Cmd                                  0x0800512f   Thumb Code    20  stm32f10x_spi.o(.text)
    SPI_I2S_ITConfig                         0x08005143   Thumb Code    24  stm32f10x_spi.o(.text)
    SPI_I2S_DMACmd                           0x0800515b   Thumb Code    16  stm32f10x_spi.o(.text)
    SPI_I2S_SendData                         0x0800516b   Thumb Code     4  stm32f10x_spi.o(.text)
    SPI_I2S_ReceiveData                      0x0800516f   Thumb Code     4  stm32f10x_spi.o(.text)
    SPI_NSSInternalSoftwareConfig            0x08005173   Thumb Code    24  stm32f10x_spi.o(.text)
    SPI_SSOutputCmd                          0x0800518b   Thumb Code    20  stm32f10x_spi.o(.text)
    SPI_DataSizeConfig                       0x0800519f   Thumb Code    16  stm32f10x_spi.o(.text)
    SPI_TransmitCRC                          0x080051af   Thumb Code    10  stm32f10x_spi.o(.text)
    SPI_CalculateCRC                         0x080051b9   Thumb Code    20  stm32f10x_spi.o(.text)
    SPI_GetCRC                               0x080051cd   Thumb Code    12  stm32f10x_spi.o(.text)
    SPI_GetCRCPolynomial                     0x080051d9   Thumb Code     4  stm32f10x_spi.o(.text)
    SPI_BiDirectionalLineConfig              0x080051dd   Thumb Code    22  stm32f10x_spi.o(.text)
    SPI_I2S_GetFlagStatus                    0x080051f3   Thumb Code    14  stm32f10x_spi.o(.text)
    SPI_I2S_ClearFlag                        0x08005201   Thumb Code     6  stm32f10x_spi.o(.text)
    SPI_I2S_GetITStatus                      0x08005207   Thumb Code    42  stm32f10x_spi.o(.text)
    SPI_I2S_ClearITPendingBit                0x08005231   Thumb Code    14  stm32f10x_spi.o(.text)
    USART_DeInit                             0x0800524d   Thumb Code    96  stm32f10x_usart.o(.text)
    USART_Init                               0x080052ad   Thumb Code   166  stm32f10x_usart.o(.text)
    USART_StructInit                         0x08005353   Thumb Code    22  stm32f10x_usart.o(.text)
    USART_ClockInit                          0x08005369   Thumb Code    30  stm32f10x_usart.o(.text)
    USART_ClockStructInit                    0x08005387   Thumb Code    12  stm32f10x_usart.o(.text)
    USART_Cmd                                0x08005393   Thumb Code    20  stm32f10x_usart.o(.text)
    USART_ITConfig                           0x080053a7   Thumb Code    48  stm32f10x_usart.o(.text)
    USART_DMACmd                             0x080053d7   Thumb Code    16  stm32f10x_usart.o(.text)
    USART_SetAddress                         0x080053e7   Thumb Code    16  stm32f10x_usart.o(.text)
    USART_WakeUpConfig                       0x080053f7   Thumb Code    16  stm32f10x_usart.o(.text)
    USART_ReceiverWakeUpCmd                  0x08005407   Thumb Code    20  stm32f10x_usart.o(.text)
    USART_LINBreakDetectLengthConfig         0x0800541b   Thumb Code    16  stm32f10x_usart.o(.text)
    USART_LINCmd                             0x0800542b   Thumb Code    20  stm32f10x_usart.o(.text)
    USART_SendData                           0x0800543f   Thumb Code     8  stm32f10x_usart.o(.text)
    USART_ReceiveData                        0x08005447   Thumb Code     8  stm32f10x_usart.o(.text)
    USART_SendBreak                          0x0800544f   Thumb Code    10  stm32f10x_usart.o(.text)
    USART_SetGuardTime                       0x08005459   Thumb Code    16  stm32f10x_usart.o(.text)
    USART_SetPrescaler                       0x08005469   Thumb Code    16  stm32f10x_usart.o(.text)
    USART_SmartCardCmd                       0x08005479   Thumb Code    20  stm32f10x_usart.o(.text)
    USART_SmartCardNACKCmd                   0x0800548d   Thumb Code    20  stm32f10x_usart.o(.text)
    USART_HalfDuplexCmd                      0x080054a1   Thumb Code    20  stm32f10x_usart.o(.text)
    USART_OverSampling8Cmd                   0x080054b5   Thumb Code    20  stm32f10x_usart.o(.text)
    USART_OneBitMethodCmd                    0x080054c9   Thumb Code    20  stm32f10x_usart.o(.text)
    USART_IrDAConfig                         0x080054dd   Thumb Code    16  stm32f10x_usart.o(.text)
    USART_IrDACmd                            0x080054ed   Thumb Code    20  stm32f10x_usart.o(.text)
    USART_GetFlagStatus                      0x08005501   Thumb Code    14  stm32f10x_usart.o(.text)
    USART_ClearFlag                          0x0800550f   Thumb Code     6  stm32f10x_usart.o(.text)
    USART_GetITStatus                        0x08005515   Thumb Code    62  stm32f10x_usart.o(.text)
    USART_ClearITPendingBit                  0x08005553   Thumb Code    12  stm32f10x_usart.o(.text)
    Reset_Handler                            0x08005575   Thumb Code     8  startup_stm32f10x_md.o(.text)
    ADC1_2_IRQHandler                        0x0800558f   Thumb Code     0  startup_stm32f10x_md.o(.text)
    CAN1_RX1_IRQHandler                      0x0800558f   Thumb Code     0  startup_stm32f10x_md.o(.text)
    CAN1_SCE_IRQHandler                      0x0800558f   Thumb Code     0  startup_stm32f10x_md.o(.text)
    DMA1_Channel1_IRQHandler                 0x0800558f   Thumb Code     0  startup_stm32f10x_md.o(.text)
    DMA1_Channel2_IRQHandler                 0x0800558f   Thumb Code     0  startup_stm32f10x_md.o(.text)
    DMA1_Channel3_IRQHandler                 0x0800558f   Thumb Code     0  startup_stm32f10x_md.o(.text)
    DMA1_Channel4_IRQHandler                 0x0800558f   Thumb Code     0  startup_stm32f10x_md.o(.text)
    DMA1_Channel5_IRQHandler                 0x0800558f   Thumb Code     0  startup_stm32f10x_md.o(.text)
    DMA1_Channel6_IRQHandler                 0x0800558f   Thumb Code     0  startup_stm32f10x_md.o(.text)
    DMA1_Channel7_IRQHandler                 0x0800558f   Thumb Code     0  startup_stm32f10x_md.o(.text)
    EXTI1_IRQHandler                         0x0800558f   Thumb Code     0  startup_stm32f10x_md.o(.text)
    EXTI2_IRQHandler                         0x0800558f   Thumb Code     0  startup_stm32f10x_md.o(.text)
    EXTI4_IRQHandler                         0x0800558f   Thumb Code     0  startup_stm32f10x_md.o(.text)
    FLASH_IRQHandler                         0x0800558f   Thumb Code     0  startup_stm32f10x_md.o(.text)
    I2C1_ER_IRQHandler                       0x0800558f   Thumb Code     0  startup_stm32f10x_md.o(.text)
    I2C1_EV_IRQHandler                       0x0800558f   Thumb Code     0  startup_stm32f10x_md.o(.text)
    I2C2_ER_IRQHandler                       0x0800558f   Thumb Code     0  startup_stm32f10x_md.o(.text)
    I2C2_EV_IRQHandler                       0x0800558f   Thumb Code     0  startup_stm32f10x_md.o(.text)
    PVD_IRQHandler                           0x0800558f   Thumb Code     0  startup_stm32f10x_md.o(.text)
    RCC_IRQHandler                           0x0800558f   Thumb Code     0  startup_stm32f10x_md.o(.text)
    RTCAlarm_IRQHandler                      0x0800558f   Thumb Code     0  startup_stm32f10x_md.o(.text)
    RTC_IRQHandler                           0x0800558f   Thumb Code     0  startup_stm32f10x_md.o(.text)
    SPI1_IRQHandler                          0x0800558f   Thumb Code     0  startup_stm32f10x_md.o(.text)
    SPI2_IRQHandler                          0x0800558f   Thumb Code     0  startup_stm32f10x_md.o(.text)
    TAMPER_IRQHandler                        0x0800558f   Thumb Code     0  startup_stm32f10x_md.o(.text)
    TIM1_BRK_IRQHandler                      0x0800558f   Thumb Code     0  startup_stm32f10x_md.o(.text)
    TIM1_CC_IRQHandler                       0x0800558f   Thumb Code     0  startup_stm32f10x_md.o(.text)
    TIM1_TRG_COM_IRQHandler                  0x0800558f   Thumb Code     0  startup_stm32f10x_md.o(.text)
    TIM1_UP_IRQHandler                       0x0800558f   Thumb Code     0  startup_stm32f10x_md.o(.text)
    TIM2_IRQHandler                          0x0800558f   Thumb Code     0  startup_stm32f10x_md.o(.text)
    TIM3_IRQHandler                          0x0800558f   Thumb Code     0  startup_stm32f10x_md.o(.text)
    TIM4_IRQHandler                          0x0800558f   Thumb Code     0  startup_stm32f10x_md.o(.text)
    USART2_IRQHandler                        0x0800558f   Thumb Code     0  startup_stm32f10x_md.o(.text)
    USART3_IRQHandler                        0x0800558f   Thumb Code     0  startup_stm32f10x_md.o(.text)
    USB_HP_CAN1_TX_IRQHandler                0x0800558f   Thumb Code     0  startup_stm32f10x_md.o(.text)
    WWDG_IRQHandler                          0x0800558f   Thumb Code     0  startup_stm32f10x_md.o(.text)
    __user_initial_stackheap                 0x08005591   Thumb Code     0  startup_stm32f10x_md.o(.text)
    SystemInit                               0x08005655   Thumb Code    64  system_stm32f10x.o(.text)
    SystemCoreClockUpdate                    0x08005695   Thumb Code    84  system_stm32f10x.o(.text)
    __use_no_semihosting                     0x08005709   Thumb Code     2  use_no_semi_2.o(.text)
    __2printf                                0x0800570d   Thumb Code    20  noretval__2printf.o(.text)
    __2sprintf                               0x08005725   Thumb Code    34  noretval__2sprintf.o(.text)
    _printf_pre_padding                      0x0800574d   Thumb Code    44  _printf_pad.o(.text)
    _printf_post_padding                     0x08005779   Thumb Code    34  _printf_pad.o(.text)
    _printf_int_hex                          0x0800579d   Thumb Code    84  _printf_hex_int.o(.text)
    _printf_longlong_hex                     0x0800579d   Thumb Code     0  _printf_hex_int.o(.text)
    __printf                                 0x080057f5   Thumb Code   308  __printf_flags_wp.o(.text)
    __aeabi_memcpy                           0x0800592d   Thumb Code     0  rt_memcpy_v6.o(.text)
    __rt_memcpy                              0x0800592d   Thumb Code   138  rt_memcpy_v6.o(.text)
    _memcpy_lastbytes                        0x08005993   Thumb Code     0  rt_memcpy_v6.o(.text)
    __aeabi_memcpy4                          0x080059b7   Thumb Code     0  rt_memcpy_w.o(.text)
    __aeabi_memcpy8                          0x080059b7   Thumb Code     0  rt_memcpy_w.o(.text)
    __rt_memcpy_w                            0x080059b7   Thumb Code   100  rt_memcpy_w.o(.text)
    _memcpy_lastbytes_aligned                0x080059ff   Thumb Code     0  rt_memcpy_w.o(.text)
    __use_two_region_memory                  0x08005a1b   Thumb Code     2  heapauxi.o(.text)
    __rt_heap_escrow$2region                 0x08005a1d   Thumb Code     2  heapauxi.o(.text)
    __rt_heap_expand$2region                 0x08005a1f   Thumb Code     2  heapauxi.o(.text)
    __I$use$semihosting                      0x08005a21   Thumb Code     0  use_no_semi.o(.text)
    __use_no_semihosting_swi                 0x08005a21   Thumb Code     2  use_no_semi.o(.text)
    _printf_int_common                       0x08005a23   Thumb Code   178  _printf_intcommon.o(.text)
    _printf_char_common                      0x08005adf   Thumb Code    32  _printf_char_common.o(.text)
    _sputc                                   0x08005b05   Thumb Code    10  _sputc.o(.text)
    _printf_char_file                        0x08005b11   Thumb Code    32  _printf_char_file.o(.text)
    ferror                                   0x08005b35   Thumb Code     8  ferror.o(.text)
    __user_setup_stackheap                   0x08005b3d   Thumb Code    74  sys_stackheap_outer.o(.text)
    exit                                     0x08005b87   Thumb Code    18  exit.o(.text)
    __user_libspace                          0x08005b99   Thumb Code     8  libspace.o(.text)
    __user_perproc_libspace                  0x08005b99   Thumb Code     0  libspace.o(.text)
    __user_perthread_libspace                0x08005b99   Thumb Code     0  libspace.o(.text)
    _is_digit                                0x08005ba1   Thumb Code    14  __printf_wp.o(i._is_digit)
    __fpl_dcheck_NaN1                        0x08005bb1   Thumb Code    10  dcheck1.o(x$fpl$dcheck1)
    __aeabi_ui2d                             0x08005bc1   Thumb Code     0  dflt_clz.o(x$fpl$dfltu)
    _dfltu                                   0x08005bc1   Thumb Code    38  dflt_clz.o(x$fpl$dfltu)
    __fpl_return_NaN                         0x08005be7   Thumb Code   100  retnan.o(x$fpl$retnan)
    __ARM_scalbn                             0x08005c4b   Thumb Code    92  scalbn.o(x$fpl$scalbn)
    __fpl_cmpreturn                          0x08005ca7   Thumb Code    48  trapv.o(x$fpl$trapveneer)
    __I$use$fp                               0x08005cd6   Number         0  usenofp.o(x$fpl$usenofp)
    chan_idx                                 0x08005cd6   Data           8  deca_params_init.o(.constdata)
    tx_config                                0x08005ce0   Data          24  deca_params_init.o(.constdata)
    pll2_config                              0x08005cf8   Data          30  deca_params_init.o(.constdata)
    pll2calcfg                               0x08005d16   Data           1  deca_params_init.o(.constdata)
    rx_config                                0x08005d17   Data           2  deca_params_init.o(.constdata)
    agc_config                               0x08005d1c   Data           8  deca_params_init.o(.constdata)
    dwnsSFDlen                               0x08005d24   Data           3  deca_params_init.o(.constdata)
    sftsh                                    0x08005d28   Data          12  deca_params_init.o(.constdata)
    dtune1                                   0x08005d34   Data           4  deca_params_init.o(.constdata)
    digital_bb_config                        0x08005d38   Data          32  deca_params_init.o(.constdata)
    lde_replicaCoeff                         0x08005d58   Data          50  deca_params_init.o(.constdata)
    Virtual_Com_Port_DeviceDescriptor        0x08005d8a   Data          18  usb_desc.o(.constdata)
    Virtual_Com_Port_ConfigDescriptor        0x08005d9c   Data          67  usb_desc.o(.constdata)
    Virtual_Com_Port_StringLangID            0x08005ddf   Data           4  usb_desc.o(.constdata)
    Virtual_Com_Port_StringVendor            0x08005de3   Data          24  usb_desc.o(.constdata)
    Virtual_Com_Port_StringProduct           0x08005dfb   Data          38  usb_desc.o(.constdata)
    Region$$Table$$Base                      0x08005ea8   Number         0  anon$$obj.o(Region$$Table)
    Region$$Table$$Limit                     0x08005ec8   Number         0  anon$$obj.o(Region$$Table)
    status_idx                               0x20000000   Data           4  deca_device.o(.data)
    time32_incr                              0x20000028   Data           4  stm32f10x_it.o(.data)
    EXTI_InitStructure                       0x2000002c   Data           8  hw_config.o(.data)
    Virtual_Com_Port_StringSerial            0x20000034   Data          38  usb_desc.o(.data)
    bIntPackSOF                              0x20000064   Data           1  usb_istr.o(.data)
    wIstr                                    0x20000066   Data           2  usb_istr.o(.data)
    esof_counter                             0x20000068   Data           4  usb_istr.o(.data)
    wCNTR                                    0x2000006c   Data           4  usb_istr.o(.data)
    pEpInt_IN                                0x20000070   Data          28  usb_istr.o(.data)
    pEpInt_OUT                               0x2000008c   Data          28  usb_istr.o(.data)
    Request                                  0x200000a8   Data           1  usb_prop.o(.data)
    linecoding                               0x200000ac   Data           8  usb_prop.o(.data)
    Device_Descriptor                        0x200000b4   Data           8  usb_prop.o(.data)
    Config_Descriptor                        0x200000bc   Data           8  usb_prop.o(.data)
    Device_Property                          0x200000c4   Data          48  usb_prop.o(.data)
    String_Descriptor                        0x200000f4   Data          32  usb_prop.o(.data)
    Device_Table                             0x20000114   Data           2  usb_prop.o(.data)
    User_Standard_Requests                   0x20000118   Data          36  usb_prop.o(.data)
    bDeviceState                             0x2000013c   Data           4  usb_pwr.o(.data)
    fSuspendEnabled                          0x20000140   Data           1  usb_pwr.o(.data)
    ResumeS                                  0x20000144   Data           2  usb_pwr.o(.data)
    remotewakeupon                           0x20000148   Data           4  usb_pwr.o(.data)
    Data_Mul_MaxPacketSize                   0x2000014c   Data           1  usb_core.o(.data)
    StatusInfo                               0x2000014e   Data           2  usb_core.o(.data)
    EPindex                                  0x20000150   Data           1  usb_init.o(.data)
    pInformation                             0x20000154   Data           4  usb_init.o(.data)
    pProperty                                0x20000158   Data           4  usb_init.o(.data)
    pUser_Standard_Requests                  0x2000015c   Data           4  usb_init.o(.data)
    wInterrupt_Mask                          0x20000160   Data           2  usb_init.o(.data)
    SaveRState                               0x20000162   Data           2  usb_int.o(.data)
    SaveTState                               0x20000164   Data           2  usb_int.o(.data)
    len                                      0x2000016a   Data           1  usart.o(.data)
    USART_RX_STA                             0x2000016c   Data           2  usart.o(.data)
    __stdout                                 0x20000170   Data           4  usart.o(.data)
    DMA1_MEM_LEN                             0x20000174   Data           2  dma.o(.data)
    SystemCoreClock                          0x2000018c   Data           4  system_stm32f10x.o(.data)
    AHBPrescTable                            0x20000190   Data          16  system_stm32f10x.o(.data)
    last_status                              0x20000230   Data          40  deca_device.o(.bss)
    buff_sn                                  0x20000258   Data          41  device_info.o(.bss)
    sys_para                                 0x20000282   Data          22  device_info.o(.bss)
    FLAH_BUFF0                               0x20000298   Data          32  device_info.o(.bss)
    SendBuff                                 0x200002b8   Data         130  main.o(.bss)
    STMFLASH_BUF                             0x20000592   Data        1024  stmflash.o(.bss)
    EP                                       0x20001434   Data          32  usb_pwr.o(.bss)
    Device_Info                              0x20001454   Data          28  usb_init.o(.bss)
    USART_RX_BUF                             0x20001470   Data         200  usart.o(.bss)
    DMA_InitStructure                        0x20001538   Data          44  dma.o(.bss)
    __libspace_start                         0x20001564   Data          96  libspace.o(.bss)
    __temporary_stack_top$libspace           0x200015c4   Data           0  libspace.o(.bss)



==============================================================================

Memory Map of the image

  Image Entry point : 0x080000ed

  Load Region LR_IROM1 (Base: 0x08000000, Size: 0x00006068, Max: 0x00010000, ABSOLUTE, COMPRESSED[0x00005f88])

    Execution Region ER_IROM1 (Base: 0x08000000, Size: 0x00005ec8, Max: 0x00010000, ABSOLUTE)

    Base Addr    Size         Type   Attr      Idx    E Section Name        Object

    0x08000000   0x000000ec   Data   RO          943    RESET               startup_stm32f10x_md.o
    0x080000ec   0x00000008   Code   RO         1033  * !!!main             c_w.l(__main.o)
    0x080000f4   0x00000034   Code   RO         1288    !!!scatter          c_w.l(__scatter.o)
    0x08000128   0x0000005a   Code   RO         1286    !!dczerorl2         c_w.l(__dczerorl2.o)
    0x08000182   0x00000002   PAD
    0x08000184   0x0000001c   Code   RO         1290    !!handler_zi        c_w.l(__scatter_zi.o)
    0x080001a0   0x00000000   Code   RO         1024    .ARM.Collect$$_printf_percent$$00000000  c_w.l(_printf_percent.o)
    0x080001a0   0x00000006   Code   RO         1023    .ARM.Collect$$_printf_percent$$0000000C  c_w.l(_printf_x.o)
    0x080001a6   0x00000004   Code   RO         1110    .ARM.Collect$$_printf_percent$$00000017  c_w.l(_printf_percent_end.o)
    0x080001aa   0x00000002   Code   RO         1158    .ARM.Collect$$libinit$$00000000  c_w.l(libinit.o)
    0x080001ac   0x00000000   Code   RO         1167    .ARM.Collect$$libinit$$00000002  c_w.l(libinit2.o)
    0x080001ac   0x00000000   Code   RO         1169    .ARM.Collect$$libinit$$00000004  c_w.l(libinit2.o)
    0x080001ac   0x00000000   Code   RO         1172    .ARM.Collect$$libinit$$0000000A  c_w.l(libinit2.o)
    0x080001ac   0x00000000   Code   RO         1174    .ARM.Collect$$libinit$$0000000C  c_w.l(libinit2.o)
    0x080001ac   0x00000000   Code   RO         1176    .ARM.Collect$$libinit$$0000000E  c_w.l(libinit2.o)
    0x080001ac   0x00000000   Code   RO         1179    .ARM.Collect$$libinit$$00000011  c_w.l(libinit2.o)
    0x080001ac   0x00000000   Code   RO         1181    .ARM.Collect$$libinit$$00000013  c_w.l(libinit2.o)
    0x080001ac   0x00000000   Code   RO         1183    .ARM.Collect$$libinit$$00000015  c_w.l(libinit2.o)
    0x080001ac   0x00000000   Code   RO         1185    .ARM.Collect$$libinit$$00000017  c_w.l(libinit2.o)
    0x080001ac   0x00000000   Code   RO         1187    .ARM.Collect$$libinit$$00000019  c_w.l(libinit2.o)
    0x080001ac   0x00000000   Code   RO         1189    .ARM.Collect$$libinit$$0000001B  c_w.l(libinit2.o)
    0x080001ac   0x00000000   Code   RO         1191    .ARM.Collect$$libinit$$0000001D  c_w.l(libinit2.o)
    0x080001ac   0x00000000   Code   RO         1193    .ARM.Collect$$libinit$$0000001F  c_w.l(libinit2.o)
    0x080001ac   0x00000000   Code   RO         1195    .ARM.Collect$$libinit$$00000021  c_w.l(libinit2.o)
    0x080001ac   0x00000000   Code   RO         1197    .ARM.Collect$$libinit$$00000023  c_w.l(libinit2.o)
    0x080001ac   0x00000000   Code   RO         1199    .ARM.Collect$$libinit$$00000025  c_w.l(libinit2.o)
    0x080001ac   0x00000000   Code   RO         1203    .ARM.Collect$$libinit$$0000002C  c_w.l(libinit2.o)
    0x080001ac   0x00000000   Code   RO         1205    .ARM.Collect$$libinit$$0000002E  c_w.l(libinit2.o)
    0x080001ac   0x00000000   Code   RO         1207    .ARM.Collect$$libinit$$00000030  c_w.l(libinit2.o)
    0x080001ac   0x00000000   Code   RO         1209    .ARM.Collect$$libinit$$00000032  c_w.l(libinit2.o)
    0x080001ac   0x00000002   Code   RO         1210    .ARM.Collect$$libinit$$00000033  c_w.l(libinit2.o)
    0x080001ae   0x00000002   Code   RO         1228    .ARM.Collect$$libshutdown$$00000000  c_w.l(libshutdown.o)
    0x080001b0   0x00000000   Code   RO         1238    .ARM.Collect$$libshutdown$$00000002  c_w.l(libshutdown2.o)
    0x080001b0   0x00000000   Code   RO         1240    .ARM.Collect$$libshutdown$$00000004  c_w.l(libshutdown2.o)
    0x080001b0   0x00000000   Code   RO         1243    .ARM.Collect$$libshutdown$$00000007  c_w.l(libshutdown2.o)
    0x080001b0   0x00000000   Code   RO         1246    .ARM.Collect$$libshutdown$$0000000A  c_w.l(libshutdown2.o)
    0x080001b0   0x00000000   Code   RO         1248    .ARM.Collect$$libshutdown$$0000000C  c_w.l(libshutdown2.o)
    0x080001b0   0x00000000   Code   RO         1251    .ARM.Collect$$libshutdown$$0000000F  c_w.l(libshutdown2.o)
    0x080001b0   0x00000002   Code   RO         1252    .ARM.Collect$$libshutdown$$00000010  c_w.l(libshutdown2.o)
    0x080001b2   0x00000000   Code   RO         1101    .ARM.Collect$$rtentry$$00000000  c_w.l(__rtentry.o)
    0x080001b2   0x00000000   Code   RO         1127    .ARM.Collect$$rtentry$$00000002  c_w.l(__rtentry2.o)
    0x080001b2   0x00000006   Code   RO         1139    .ARM.Collect$$rtentry$$00000004  c_w.l(__rtentry4.o)
    0x080001b8   0x00000000   Code   RO         1129    .ARM.Collect$$rtentry$$00000009  c_w.l(__rtentry2.o)
    0x080001b8   0x00000004   Code   RO         1130    .ARM.Collect$$rtentry$$0000000A  c_w.l(__rtentry2.o)
    0x080001bc   0x00000000   Code   RO         1132    .ARM.Collect$$rtentry$$0000000C  c_w.l(__rtentry2.o)
    0x080001bc   0x00000008   Code   RO         1133    .ARM.Collect$$rtentry$$0000000D  c_w.l(__rtentry2.o)
    0x080001c4   0x00000002   Code   RO         1164    .ARM.Collect$$rtexit$$00000000  c_w.l(rtexit.o)
    0x080001c6   0x00000000   Code   RO         1212    .ARM.Collect$$rtexit$$00000002  c_w.l(rtexit2.o)
    0x080001c6   0x00000004   Code   RO         1213    .ARM.Collect$$rtexit$$00000003  c_w.l(rtexit2.o)
    0x080001ca   0x00000006   Code   RO         1214    .ARM.Collect$$rtexit$$00000004  c_w.l(rtexit2.o)
    0x080001d0   0x00001828   Code   RO          205    .text               deca_device.o
    0x080019f8   0x0000002c   Code   RO          280    .text               deca_mutex.o
    0x08001a24   0x000000e0   Code   RO          292    .text               deca_spi.o
    0x08001b04   0x00000110   Code   RO          304    .text               device_info.o
    0x08001c14   0x000001e4   Code   RO          327    .text               main.o
    0x08001df8   0x00000060   Code   RO          378    .text               stm32f10x_it.o
    0x08001e58   0x0000008c   Code   RO          422    .text               led.o
    0x08001ee4   0x00000390   Code   RO          434    .text               port.o
    0x08002274   0x00000118   Code   RO          451    .text               stmflash.o
    0x0800238c   0x0000019c   Code   RO          467    .text               hw_config.o
    0x08002528   0x000000b4   Code   RO          547    .text               usb_endp.o
    0x080025dc   0x00000150   Code   RO          565    .text               usb_istr.o
    0x0800272c   0x0000000c   Code   RO          585    .text               usb_it.o
    0x08002738   0x000001f4   Code   RO          597    .text               usb_prop.o
    0x0800292c   0x000001b0   Code   RO          622    .text               usb_pwr.o
    0x08002adc   0x000007c8   Code   RO          644    .text               usb_core.o
    0x080032a4   0x00000028   Code   RO          660    .text               usb_init.o
    0x080032cc   0x000001c4   Code   RO          686    .text               usb_int.o
    0x08003490   0x00000048   Code   RO          710    .text               usb_mem.o
    0x080034d8   0x000006b0   Code   RO          722    .text               usb_regs.o
    0x08003b88   0x0000006c   Code   RO          735    .text               usb_sil.o
    0x08003bf4   0x000000ac   Code   RO          747    .text               delay.o
    0x08003ca0   0x000001ec   Code   RO          778    .text               usart.o
    0x08003e8c   0x00000078   Code   RO          808    .text               dma.o
    0x08003f04   0x000003d6   Code   RO          824    .text               queue.o
    0x080042da   0x00000002   PAD
    0x080042dc   0x000000b0   Code   RO          842    .text               misc.o
    0x0800438c   0x000001c8   Code   RO          854    .text               stm32f10x_dma.o
    0x08004554   0x000000e8   Code   RO          866    .text               stm32f10x_exti.o
    0x0800463c   0x0000047c   Code   RO          878    .text               stm32f10x_flash.o
    0x08004ab8   0x0000026c   Code   RO          891    .text               stm32f10x_gpio.o
    0x08004d24   0x000002b4   Code   RO          903    .text               stm32f10x_rcc.o
    0x08004fd8   0x00000274   Code   RO          917    .text               stm32f10x_spi.o
    0x0800524c   0x00000328   Code   RO          929    .text               stm32f10x_usart.o
    0x08005574   0x00000040   Code   RO          944    .text               startup_stm32f10x_md.o
    0x080055b4   0x00000154   Code   RO          948    .text               system_stm32f10x.o
    0x08005708   0x00000002   Code   RO          968    .text               c_w.l(use_no_semi_2.o)
    0x0800570a   0x00000002   PAD
    0x0800570c   0x00000018   Code   RO          974    .text               c_w.l(noretval__2printf.o)
    0x08005724   0x00000028   Code   RO          976    .text               c_w.l(noretval__2sprintf.o)
    0x0800574c   0x0000004e   Code   RO          980    .text               c_w.l(_printf_pad.o)
    0x0800579a   0x00000002   PAD
    0x0800579c   0x00000058   Code   RO          985    .text               c_w.l(_printf_hex_int.o)
    0x080057f4   0x00000138   Code   RO         1015    .text               c_w.l(__printf_flags_wp.o)
    0x0800592c   0x0000008a   Code   RO         1025    .text               c_w.l(rt_memcpy_v6.o)
    0x080059b6   0x00000064   Code   RO         1027    .text               c_w.l(rt_memcpy_w.o)
    0x08005a1a   0x00000006   Code   RO         1031    .text               c_w.l(heapauxi.o)
    0x08005a20   0x00000002   Code   RO         1099    .text               c_w.l(use_no_semi.o)
    0x08005a22   0x000000b2   Code   RO         1102    .text               c_w.l(_printf_intcommon.o)
    0x08005ad4   0x00000030   Code   RO         1104    .text               c_w.l(_printf_char_common.o)
    0x08005b04   0x0000000a   Code   RO         1106    .text               c_w.l(_sputc.o)
    0x08005b0e   0x00000002   PAD
    0x08005b10   0x00000024   Code   RO         1108    .text               c_w.l(_printf_char_file.o)
    0x08005b34   0x00000008   Code   RO         1143    .text               c_w.l(ferror.o)
    0x08005b3c   0x0000004a   Code   RO         1149    .text               c_w.l(sys_stackheap_outer.o)
    0x08005b86   0x00000012   Code   RO         1151    .text               c_w.l(exit.o)
    0x08005b98   0x00000008   Code   RO         1161    .text               c_w.l(libspace.o)
    0x08005ba0   0x0000000e   Code   RO         1013    i._is_digit         c_w.l(__printf_wp.o)
    0x08005bae   0x00000002   PAD
    0x08005bb0   0x00000010   Code   RO         1111    x$fpl$dcheck1       fz_ws.l(dcheck1.o)
    0x08005bc0   0x00000026   Code   RO         1055    x$fpl$dfltu         fz_ws.l(dflt_clz.o)
    0x08005be6   0x00000064   Code   RO         1147    x$fpl$retnan        fz_ws.l(retnan.o)
    0x08005c4a   0x0000005c   Code   RO         1091    x$fpl$scalbn        fz_ws.l(scalbn.o)
    0x08005ca6   0x00000030   Code   RO         1159    x$fpl$trapveneer    fz_ws.l(trapv.o)
    0x08005cd6   0x00000000   Code   RO         1125    x$fpl$usenofp       fz_ws.l(usenofp.o)
    0x08005cd6   0x00000008   Data   RO          233    .constdata          deca_params_init.o
    0x08005cde   0x00000002   PAD
    0x08005ce0   0x00000018   Data   RO          234    .constdata          deca_params_init.o
    0x08005cf8   0x0000001e   Data   RO          235    .constdata          deca_params_init.o
    0x08005d16   0x00000001   Data   RO          236    .constdata          deca_params_init.o
    0x08005d17   0x00000002   Data   RO          237    .constdata          deca_params_init.o
    0x08005d19   0x00000003   PAD
    0x08005d1c   0x00000008   Data   RO          238    .constdata          deca_params_init.o
    0x08005d24   0x00000003   Data   RO          239    .constdata          deca_params_init.o
    0x08005d27   0x00000001   PAD
    0x08005d28   0x0000000c   Data   RO          240    .constdata          deca_params_init.o
    0x08005d34   0x00000004   Data   RO          241    .constdata          deca_params_init.o
    0x08005d38   0x00000020   Data   RO          242    .constdata          deca_params_init.o
    0x08005d58   0x00000032   Data   RO          243    .constdata          deca_params_init.o
    0x08005d8a   0x00000012   Data   RO          530    .constdata          usb_desc.o
    0x08005d9c   0x00000043   Data   RO          531    .constdata          usb_desc.o
    0x08005ddf   0x00000004   Data   RO          532    .constdata          usb_desc.o
    0x08005de3   0x00000018   Data   RO          533    .constdata          usb_desc.o
    0x08005dfb   0x00000026   Data   RO          534    .constdata          usb_desc.o
    0x08005e21   0x00000028   Data   RO          986    .constdata          c_w.l(_printf_hex_int.o)
    0x08005e49   0x00000011   Data   RO         1016    .constdata          c_w.l(__printf_flags_wp.o)
    0x08005e5a   0x00000002   PAD
    0x08005e5c   0x0000004b   Data   RO          207    .conststring        deca_device.o
    0x08005ea7   0x00000001   PAD
    0x08005ea8   0x00000020   Data   RO         1284    Region$$Table       anon$$obj.o


    Execution Region RW_IRAM1 (Base: 0x20000000, Size: 0x00001bc8, Max: 0x00005000, ABSOLUTE, COMPRESSED[0x000000c0])

    Base Addr    Size         Type   Attr      Idx    E Section Name        Object

    0x20000000   0x00000004   Data   RW          208    .data               deca_device.o
    0x20000004   0x00000022   Data   RW          330    .data               main.o
    0x20000026   0x00000002   PAD
    0x20000028   0x00000004   Data   RW          379    .data               stm32f10x_it.o
    0x2000002c   0x00000008   Data   RW          471    .data               hw_config.o
    0x20000034   0x00000026   Data   RW          535    .data               usb_desc.o
    0x2000005a   0x00000002   PAD
    0x2000005c   0x00000008   Data   RW          549    .data               usb_endp.o
    0x20000064   0x0000000c   Data   RW          566    .data               usb_istr.o
    0x20000070   0x0000001c   Data   RW          567    .data               usb_istr.o
    0x2000008c   0x0000001c   Data   RW          568    .data               usb_istr.o
    0x200000a8   0x0000006c   Data   RW          598    .data               usb_prop.o
    0x20000114   0x00000002   Data   RW          599    .data               usb_prop.o
    0x20000116   0x00000002   PAD
    0x20000118   0x00000024   Data   RW          600    .data               usb_prop.o
    0x2000013c   0x00000004   Data   RW          624    .data               usb_pwr.o
    0x20000140   0x00000001   Data   RW          625    .data               usb_pwr.o
    0x20000141   0x00000003   PAD
    0x20000144   0x00000008   Data   RW          626    .data               usb_pwr.o
    0x2000014c   0x00000004   Data   RW          645    .data               usb_core.o
    0x20000150   0x00000001   Data   RW          662    .data               usb_init.o
    0x20000151   0x00000003   PAD
    0x20000154   0x0000000c   Data   RW          663    .data               usb_init.o
    0x20000160   0x00000002   Data   RW          665    .data               usb_init.o
    0x20000162   0x00000004   Data   RW          687    .data               usb_int.o
    0x20000166   0x00000004   Data   RW          748    .data               delay.o
    0x2000016a   0x00000004   Data   RW          781    .data               usart.o
    0x2000016e   0x00000002   PAD
    0x20000170   0x00000004   Data   RW          782    .data               usart.o
    0x20000174   0x00000002   Data   RW          810    .data               dma.o
    0x20000176   0x00000014   Data   RW          904    .data               stm32f10x_rcc.o
    0x2000018a   0x00000002   PAD
    0x2000018c   0x00000014   Data   RW          949    .data               system_stm32f10x.o
    0x200001a0   0x000000b8   Zero   RW          206    .bss                deca_device.o
    0x20000258   0x00000060   Zero   RW          305    .bss                device_info.o
    0x200002b8   0x000002da   Zero   RW          328    .bss                main.o
    0x20000592   0x00000400   Zero   RW          452    .bss                stmflash.o
    0x20000992   0x00000002   PAD
    0x20000994   0x00000a20   Zero   RW          468    .bss                hw_config.o
    0x200013b4   0x00000080   Zero   RW          548    .bss                usb_endp.o
    0x20001434   0x00000020   Zero   RW          623    .bss                usb_pwr.o
    0x20001454   0x0000001c   Zero   RW          661    .bss                usb_init.o
    0x20001470   0x000000c8   Zero   RW          779    .bss                usart.o
    0x20001538   0x0000002c   Zero   RW          809    .bss                dma.o
    0x20001564   0x00000060   Zero   RW         1162    .bss                c_w.l(libspace.o)
    0x200015c4   0x00000004   PAD
    0x200015c8   0x00000200   Zero   RW          942    HEAP                startup_stm32f10x_md.o
    0x200017c8   0x00000400   Zero   RW          941    STACK               startup_stm32f10x_md.o


==============================================================================

Image component sizes


      Code (inc. data)   RO Data    RW Data    ZI Data      Debug   Object Name

      6184        134         75          4        184      28724   deca_device.o
        44          0          0          0          0        787   deca_mutex.o
         0          0        174          0          0       1820   deca_params_init.o
       224         10          0          0          0       2036   deca_spi.o
       172         12          0          4          0       1249   delay.o
       272         44          0          0         96       2938   device_info.o
       120         14          0          2         44       1377   dma.o
       412         34          0          8       2592      16877   hw_config.o
         0          0          0          0          0     259900   instance.o
         0          0          0          0          0      15035   instance_common.o
       140         16          0          0          0        796   led.o
       484         30          0         34        730      17188   main.o
       176         14          0          0          0       1941   misc.o
       912         26          0          0          0      18968   port.o
       982          0          0          0          0       9175   queue.o
        64         26        236          0       1536        804   startup_stm32f10x_md.o
       456         10          0          0          0       4730   stm32f10x_dma.o
       232          8          0          0          0       2447   stm32f10x_exti.o
      1148         22          0          0          0       9352   stm32f10x_flash.o
       620         36          0          0          0       5913   stm32f10x_gpio.o
        96          4          0          4          0       2058   stm32f10x_it.o
       692         32          0         20          0       9060   stm32f10x_rcc.o
       628         14          0          0          0       7046   stm32f10x_spi.o
       808         22          0          0          0       8828   stm32f10x_usart.o
       280          6          0          0       1024       2804   stmflash.o
         0          0          0          0          0         32   sys.o
       340         32          0         20          0       1815   system_stm32f10x.o
       492         30          0          8        200      19128   usart.o
      1992         88          0          4          0       8313   usb_core.o
         0          0        151         38          0        991   usb_desc.o
       180         12          0          8        128       1524   usb_endp.o
        40         18          0         15         28       3838   usb_init.o
       452         28          0          4          0       1727   usb_int.o
       336         26          0         68          0       1495   usb_istr.o
        12          0          0          0          0        526   usb_it.o
        72          6          0          0          0       1290   usb_mem.o
       500         22          0        146          0       7023   usb_prop.o
       432         36          0         13         32       2813   usb_pwr.o
      1712         28          0          0          0      11287   usb_regs.o
       108         10          0          0          0       1314   usb_sil.o

    ----------------------------------------------------------------------
     21816        850        675        416       6596     494969   Object Totals
         0          0         32          0          0          0   (incl. Generated)
         2          0          7         16          2          0   (incl. Padding)

    ----------------------------------------------------------------------

      Code (inc. data)   RO Data    RW Data    ZI Data      Debug   Library Member Name

        90          0          0          0          0          0   __dczerorl2.o
         8          0          0          0          0         68   __main.o
       312          4         17          0          0         92   __printf_flags_wp.o
        14          0          0          0          0         68   __printf_wp.o
         0          0          0          0          0          0   __rtentry.o
        12          0          0          0          0          0   __rtentry2.o
         6          0          0          0          0          0   __rtentry4.o
        52          8          0          0          0          0   __scatter.o
        28          0          0          0          0          0   __scatter_zi.o
        48          6          0          0          0         96   _printf_char_common.o
        36          4          0          0          0         80   _printf_char_file.o
        88          4         40          0          0         88   _printf_hex_int.o
       178          0          0          0          0         88   _printf_intcommon.o
        78          0          0          0          0        108   _printf_pad.o
         0          0          0          0          0          0   _printf_percent.o
         4          0          0          0          0          0   _printf_percent_end.o
         6          0          0          0          0          0   _printf_x.o
        10          0          0          0          0         68   _sputc.o
        18          0          0          0          0         80   exit.o
         8          0          0          0          0         68   ferror.o
         6          0          0          0          0        152   heapauxi.o
         2          0          0          0          0          0   libinit.o
         2          0          0          0          0          0   libinit2.o
         2          0          0          0          0          0   libshutdown.o
         2          0          0          0          0          0   libshutdown2.o
         8          4          0          0         96         68   libspace.o
        24          4          0          0          0         84   noretval__2printf.o
        40          6          0          0          0         84   noretval__2sprintf.o
       138          0          0          0          0         68   rt_memcpy_v6.o
       100          0          0          0          0         80   rt_memcpy_w.o
         2          0          0          0          0          0   rtexit.o
        10          0          0          0          0          0   rtexit2.o
        74          0          0          0          0         80   sys_stackheap_outer.o
         2          0          0          0          0         68   use_no_semi.o
         2          0          0          0          0         68   use_no_semi_2.o
        16          4          0          0          0         68   dcheck1.o
        38          0          0          0          0         68   dflt_clz.o
       100          0          0          0          0         68   retnan.o
        92          0          0          0          0         68   scalbn.o
        48          0          0          0          0         68   trapv.o
         0          0          0          0          0          0   usenofp.o

    ----------------------------------------------------------------------
      1714         44         59          0        100       1996   Library Totals
        10          0          2          0          4          0   (incl. Padding)

    ----------------------------------------------------------------------

      Code (inc. data)   RO Data    RW Data    ZI Data      Debug   Library Name

      1410         40         57          0         96       1656   c_w.l
       294          4          0          0          0        340   fz_ws.l

    ----------------------------------------------------------------------
      1714         44         59          0        100       1996   Library Totals

    ----------------------------------------------------------------------

==============================================================================


      Code (inc. data)   RO Data    RW Data    ZI Data      Debug   

     23530        894        734        416       6696     491397   Grand Totals
     23530        894        734        192       6696     491397   ELF Image Totals (compressed)
     23530        894        734        192          0          0   ROM Totals

==============================================================================

    Total RO  Size (Code + RO Data)                24264 (  23.70kB)
    Total RW  Size (RW Data + ZI Data)              7112 (   6.95kB)
    Total ROM Size (Code + RO Data + RW Data)      24456 (  23.88kB)

==============================================================================

